[www.xiaoyaojingjv.cn/index.html]
[backblue.gif]
[fade.gif]
[index.html]
[www.xiaoyaojingjv.cn/wp-content/themes/argon/assets/argon_css_mergede34c.css]
[www.xiaoyaojingjv.cn/wp-includes/css/dist/block-library/style.mine63c.css]
[www.xiaoyaojingjv.cn/wp-content/themes/argon/stylee34c.css]
[www.xiaoyaojingjv.cn/wp-content/themes/argon/assets/js/argon.mine34c.js]
[www.xiaoyaojingjv.cn/xmlrpc0db0.php]
[www.xiaoyaojingjv.cn/wp-content/uploads/2024/11/cropped-cropped-微信图片_20241127202802-e1732710528199-32x32.jpg]
[www.xiaoyaojingjv.cn/wp-content/uploads/2024/11/cropped-cropped-微信图片_20241127202802-e1732710528199-192x192.jpg]
[www.xiaoyaojingjv.cn/wp-content/uploads/2024/11/cropped-cropped-微信图片_20241127202802-e1732710528199-180x180.jpg]
[www.xiaoyaojingjv.cn/index52f0.json]
[www.xiaoyaojingjv.cn/wp-content/themes/argon/assets/vendor/smoothscroll/smoothscroll1_pulse.js]
[49.234.176.211/wp-content/uploads/2024/11/微信图片_20241127202802-e1732710528199.jpg]
[www.xiaoyaojingjv.cn/index8091.html]
[www.xiaoyaojingjv.cn/wp-content/themes/argon/argontheme99e9.js]
[www.xiaoyaojingjv.cn/index3d3a.html]
[www.xiaoyaojingjv.cn/wp-content/themes/argon/assets/vendor/highlight/styles/vs2015.css]
[www.xiaoyaojingjv.cn/index.html]
[www.xiaoyaojingjv.cn/indexba53.html]
[www.xiaoyaojingjv.cn/indexe527.html]
[www.xiaoyaojingjv.cn/indexcc4b.html]
[www.xiaoyaojingjv.cn/wp-content/themes/argon/assets/vendor/font-awesome/fonts/fontawesome-webfont3e6e.eot]
[www.xiaoyaojingjv.cn/wp-content/themes/argon/assets/argon_js_mergede34c.js]
[www.xiaoyaojingjv.cn/index0b40.html]
[www.xiaoyaojingjv.cn/wp-content/themes/argon/assets/vendor/font-awesome/fonts/fontawesome-webfontd41d.eot]
[www.xiaoyaojingjv.cn/wp-content/uploads/2024/11/R.jpg]
[www.xiaoyaojingjv.cn/indexb31a.html]
[www.xiaoyaojingjv.cn/wp-content/themes/argon/assets/vendor/font-awesome/fonts/fontawesome-webfont3e6e.woff2]
[www.xiaoyaojingjv.cn/wp-content/themes/argon/assets/vendor/font-awesome/fonts/fontawesome-webfont3e6e.woff]
[www.xiaoyaojingjv.cn/indexb946.html]
[www.xiaoyaojingjv.cn/wp-content/themes/argon/assets/vendor/font-awesome/fonts/fontawesome-webfont3e6e.ttf]
[www.xiaoyaojingjv.cn/index5d82.html]
[www.xiaoyaojingjv.cn/wp-content/themes/argon/assets/vendor/font-awesome/fonts/fontawesome-webfont3e6e.svg]
[www.xiaoyaojingjv.cn/wp-content/themes/argon/assets/argon_css_mergede34c.css]
[www.xiaoyaojingjv.cn/indexcb89.html]
[www.xiaoyaojingjv.cn/wp-content/themes/argon/stylee34c.css]
[www.xiaoyaojingjv.cn/indexb7c7.html]
[www.xiaoyaojingjv.cn/wp-includes/css/dist/block-library/style.mine63c.css]
[www.xiaoyaojingjv.cn/indexec4a.html]
[www.xiaoyaojingjv.cn/index7c2c.html]
[www.xiaoyaojingjv.cn/index7760.html]
[www.xiaoyaojingjv.cn/index2fa7.html]
[www.xiaoyaojingjv.cn/index020e.json]
[www.xiaoyaojingjv.cn/index1a26.html]
[www.xiaoyaojingjv.cn/indexc5eb.html]
[www.xiaoyaojingjv.cn/index7449.json]
[www.xiaoyaojingjv.cn/index1f40.php]
[www.xiaoyaojingjv.cn/index8091.html]
[www.xiaoyaojingjv.cn/index4826.html]
[www.xiaoyaojingjv.cn/index0975.html]
[www.xiaoyaojingjv.cn/indexff31.json]
[www.xiaoyaojingjv.cn/index5fb4.html]
[www.xiaoyaojingjv.cn/index7ed7.html]
[www.xiaoyaojingjv.cn/indexa3b3.html]
[www.xiaoyaojingjv.cn/index4141.json]
[www.xiaoyaojingjv.cn/index151c.php]
[www.xiaoyaojingjv.cn/index3d3a.html]
[www.xiaoyaojingjv.cn/wp-content/uploads/2024/12/【哲风壁纸】书房-夜晚-scaled.jpg]
[www.xiaoyaojingjv.cn/index.2046ce.delayed]
[www.xiaoyaojingjv.cn/indexba53.html]
[www.xiaoyaojingjv.cn/indexe527.html]
[www.xiaoyaojingjv.cn/index76cc.html]
[www.xiaoyaojingjv.cn/index7362.json]
[www.xiaoyaojingjv.cn/indexf639.html]
[www.xiaoyaojingjv.cn/indexcca6.json]
[www.xiaoyaojingjv.cn/indexd926.php]
[www.xiaoyaojingjv.cn/wp-content/themes/argon/stickers/dinosaur/1.jpg]
[www.xiaoyaojingjv.cn/dinosaur-shy/index.html]
[www.xiaoyaojingjv.cn/wp-content/themes/argon/stickers/dinosaur/2.jpg]
[www.xiaoyaojingjv.cn/dinosaur-daze/index.html]
[www.xiaoyaojingjv.cn/wp-content/themes/argon/stickers/dinosaur/3.jpg]
[www.xiaoyaojingjv.cn/dinosaur-sweat/index.html]
[www.xiaoyaojingjv.cn/wp-content/themes/argon/stickers/dinosaur/4.jpg]
[www.xiaoyaojingjv.cn/dinosaur-proud/index.html]
[www.xiaoyaojingjv.cn/wp-content/themes/argon/stickers/dinosaur/5.jpg]
[www.xiaoyaojingjv.cn/dinosaur-powerless/index.html]
[www.xiaoyaojingjv.cn/wp-content/themes/argon/stickers/dinosaur/6.jpg]
[www.xiaoyaojingjv.cn/dinosaur-pouting/index.html]
[www.xiaoyaojingjv.cn/wp-content/themes/argon/stickers/dinosaur/7.jpg]
[www.xiaoyaojingjv.cn/dinosaur-eating/index.html]
[www.xiaoyaojingjv.cn/wp-content/themes/argon/stickers/dinosaur/8.jpg]
[www.xiaoyaojingjv.cn/dinosaur-ok/index.html]
[www.xiaoyaojingjv.cn/wp-content/themes/argon/stickers/dinosaur/9.jpg]
[www.xiaoyaojingjv.cn/dinosaur-doubt/index.html]
[www.xiaoyaojingjv.cn/wp-content/themes/argon/stickers/dinosaur/10.jpg]
[www.xiaoyaojingjv.cn/dinosaur-depressed/index.html]
[www.xiaoyaojingjv.cn/wp-content/themes/argon/stickers/dinosaur/11.jpg]
[www.xiaoyaojingjv.cn/dinosaur-close-eyes/index.html]
[www.xiaoyaojingjv.cn/wp-content/themes/argon/stickers/dinosaur/12.jpg]
[www.xiaoyaojingjv.cn/dinosaur-sleeping/index.html]
[www.xiaoyaojingjv.cn/wp-content/themes/argon/stickers/dinosaur/13.jpg]
[www.xiaoyaojingjv.cn/dinosaur-puzzled/index.html]
[www.xiaoyaojingjv.cn/wp-content/themes/argon/stickers/dinosaur/14.jpg]
[www.xiaoyaojingjv.cn/dinosaur-agree/index.html]
[www.xiaoyaojingjv.cn/wp-content/themes/argon/stickers/dinosaur/15.jpg]
[www.xiaoyaojingjv.cn/dinosaur-crazy/index.html]
[www.xiaoyaojingjv.cn/wp-content/themes/argon/stickers/dinosaur/16.jpg]
[www.xiaoyaojingjv.cn/dinosaur-angry/index.html]
[www.xiaoyaojingjv.cn/wp-content/themes/argon/stickers/flower/1.jpg]
[www.xiaoyaojingjv.cn/flower-flower/index.html]
[www.xiaoyaojingjv.cn/wp-content/themes/argon/stickers/flower/2.jpg]
[www.xiaoyaojingjv.cn/flower-grass/index.html]
[www.xiaoyaojingjv.cn/wp-content/themes/argon/stickers/flower/3.jpg]
[www.xiaoyaojingjv.cn/flower-leaf/index.html]
[www.xiaoyaojingjv.cn/wp-content/themes/argon/stickers/flower/4.jpg]
[www.xiaoyaojingjv.cn/flower-star/index.html]
[www.xiaoyaojingjv.cn/wp-content/themes/argon/stickers/flower/5.jpg]
[www.xiaoyaojingjv.cn/flower-sun/index.html]
[www.xiaoyaojingjv.cn/wp-content/themes/argon/stickers/flower/6.jpg]
[www.xiaoyaojingjv.cn/flower-moon/index.html]
[www.xiaoyaojingjv.cn/wp-content/themes/argon/stickers/flower/7.jpg]
[www.xiaoyaojingjv.cn/flower-water/index.html]
[www.xiaoyaojingjv.cn/wp-content/themes/argon/stickers/flower/8.jpg]
[www.xiaoyaojingjv.cn/flower-heihei/index.html]
[www.xiaoyaojingjv.cn/wp-content/themes/argon/stickers/flower/9.jpg]
[www.xiaoyaojingjv.cn/flower-lemon/index.html]
[www.xiaoyaojingjv.cn/wp-content/themes/argon/stickers/flower/10.jpg]
[www.xiaoyaojingjv.cn/flower-birthday/index.html]
[www.xiaoyaojingjv.cn/wp-content/themes/argon/stickers/flower/11.jpg]
[www.xiaoyaojingjv.cn/flower-sea/index.html]
[www.xiaoyaojingjv.cn/wp-content/themes/argon/stickers/flower/12.jpg]
[www.xiaoyaojingjv.cn/flower-vegetable/index.html]
[www.xiaoyaojingjv.cn/wp-content/themes/argon/stickers/flower/13.jpg]
[www.xiaoyaojingjv.cn/flower-tile/index.html]
[www.xiaoyaojingjv.cn/indexcc4b.html]
[www.xiaoyaojingjv.cn/wp-content/themes/argon/stickers/flower/14.jpg]
[www.xiaoyaojingjv.cn/flower-utf/index.html]
[www.xiaoyaojingjv.cn/index0b40.html]
[www.xiaoyaojingjv.cn/index7fb6.html]
[www.xiaoyaojingjv.cn/indexf657.json]
[www.xiaoyaojingjv.cn/indexb31a.html]
[www.xiaoyaojingjv.cn/indexfb7a.json]
[www.xiaoyaojingjv.cn/index7e31.html]
[www.xiaoyaojingjv.cn/indexb0b7.html]
[www.xiaoyaojingjv.cn/indexb946.html]
[www.xiaoyaojingjv.cn/index25cd.html]
[www.xiaoyaojingjv.cn/indexf302.json]
[www.xiaoyaojingjv.cn/index5d82.html]
[www.xiaoyaojingjv.cn/indexd901.json]
[www.xiaoyaojingjv.cn/index22f2.html]
[www.xiaoyaojingjv.cn/index6e02.json]
[www.xiaoyaojingjv.cn/index341b.html]
[www.xiaoyaojingjv.cn/indexc523.html]
[www.xiaoyaojingjv.cn/indexd7c4.json]
[www.xiaoyaojingjv.cn/index3bf9.php]
[www.xiaoyaojingjv.cn/indexcb89.html]
[www.xiaoyaojingjv.cn/index167c.json]
[www.xiaoyaojingjv.cn/indexb6b9.html]
[www.xiaoyaojingjv.cn/indexa46a.json]
[www.xiaoyaojingjv.cn/indexdec3.php]
[www.xiaoyaojingjv.cn/indexb7c7.html]
[www.xiaoyaojingjv.cn/index755b.json]
[www.xiaoyaojingjv.cn/index3390.html]
[www.xiaoyaojingjv.cn/index1421.json]
[www.xiaoyaojingjv.cn/indexc4b5.php]
[www.xiaoyaojingjv.cn/indexec4a.html]
[www.xiaoyaojingjv.cn/index50b0.json]
[www.xiaoyaojingjv.cn/index26d3.html]
[www.xiaoyaojingjv.cn/index40ac.json]
[www.xiaoyaojingjv.cn/index306f.php]
[www.xiaoyaojingjv.cn/index7c2c.html]
[www.xiaoyaojingjv.cn/indexb38f.json]
[www.xiaoyaojingjv.cn/indexdd1c.html]
[www.xiaoyaojingjv.cn/index21cd.json]
[www.xiaoyaojingjv.cn/index2b58.php]
[www.xiaoyaojingjv.cn/index7760.html]
[www.xiaoyaojingjv.cn/index5151.json]
[www.xiaoyaojingjv.cn/index81e3.html]
[www.xiaoyaojingjv.cn/indexb1a4.json]
[www.xiaoyaojingjv.cn/indexb5dd.php]
[www.xiaoyaojingjv.cn/index2fa7.html]
[www.xiaoyaojingjv.cn/index3ecd.json]
[www.xiaoyaojingjv.cn/indexe6d3.html]
[www.xiaoyaojingjv.cn/indexd2d6.json]
[www.xiaoyaojingjv.cn/index10d8.php]
[www.xiaoyaojingjv.cn/index1a26.html]
[www.xiaoyaojingjv.cn/index6ce1.json]
[www.xiaoyaojingjv.cn/index1a35.html]
[www.xiaoyaojingjv.cn/index1ec4.json]
[www.xiaoyaojingjv.cn/indexe6d3.php]
[www.xiaoyaojingjv.cn/indexc5eb.html]
[www.xiaoyaojingjv.cn/wp-content/themes/argon/assets/vendor/highlight/styles/vs2015.css]
[www.xiaoyaojingjv.cn/wp-content/themes/argon/assets/vendor/font-awesome/fonts/fontawesome-webfont3e6e.svg]
[www.xiaoyaojingjv.cn/index8cd4.html]
[www.xiaoyaojingjv.cn/index4826.html]
[www.xiaoyaojingjv.cn/index0975.html]
[www.xiaoyaojingjv.cn/index5fb4.html]
[www.xiaoyaojingjv.cn/index7ed7.html]
[www.xiaoyaojingjv.cn/indexa3b3.html]
[www.xiaoyaojingjv.cn/index96f1.html]
[www.xiaoyaojingjv.cn/index905b.html]
[www.xiaoyaojingjv.cn/index2c39.php]
[www.xiaoyaojingjv.cn/index49a5.html]
[www.xiaoyaojingjv.cn/dinosaur-shy/index.html]
[www.xiaoyaojingjv.cn/dinosaur-daze/index.html]
[www.xiaoyaojingjv.cn/dinosaur-sweat/index.html]
[www.xiaoyaojingjv.cn/dinosaur-proud/index.html]
[www.xiaoyaojingjv.cn/dinosaur-powerless/index.html]
[www.xiaoyaojingjv.cn/dinosaur-pouting/index.html]
[www.xiaoyaojingjv.cn/dinosaur-eating/index.html]
[www.xiaoyaojingjv.cn/dinosaur-ok/index.html]
[www.xiaoyaojingjv.cn/dinosaur-doubt/index.html]
[www.xiaoyaojingjv.cn/dinosaur-depressed/index.html]
[www.xiaoyaojingjv.cn/dinosaur-close-eyes/index.html]
[www.xiaoyaojingjv.cn/dinosaur-sleeping/index.html]
[www.xiaoyaojingjv.cn/dinosaur-puzzled/index.html]
[www.xiaoyaojingjv.cn/dinosaur-agree/index.html]
[www.xiaoyaojingjv.cn/dinosaur-crazy/index.html]
[www.xiaoyaojingjv.cn/dinosaur-angry/index.html]
[www.xiaoyaojingjv.cn/flower-flower/index.html]
[www.xiaoyaojingjv.cn/flower-grass/index.html]
[www.xiaoyaojingjv.cn/flower-leaf/index.html]
[www.xiaoyaojingjv.cn/flower-star/index.html]
[www.xiaoyaojingjv.cn/flower-sun/index.html]
[www.xiaoyaojingjv.cn/flower-moon/index.html]
[www.xiaoyaojingjv.cn/flower-water/index.html]
[www.xiaoyaojingjv.cn/flower-heihei/index.html]
[www.xiaoyaojingjv.cn/flower-lemon/index.html]
[www.xiaoyaojingjv.cn/flower-birthday/index.html]
[www.xiaoyaojingjv.cn/flower-sea/index.html]
[www.xiaoyaojingjv.cn/flower-vegetable/index.html]
[www.xiaoyaojingjv.cn/flower-tile/index.html]
[www.xiaoyaojingjv.cn/flower-utf/index.html]
[www.xiaoyaojingjv.cn/index4813.php]
[www.xiaoyaojingjv.cn/indexb0b7.html]
[www.xiaoyaojingjv.cn/indexa234.json]
[www.xiaoyaojingjv.cn/index07d3.html]
[www.xiaoyaojingjv.cn/index92d2.json]
[www.xiaoyaojingjv.cn/index001f.html]
[www.xiaoyaojingjv.cn/indexfbef.json]
[www.xiaoyaojingjv.cn/index8f7c.php]
[www.xiaoyaojingjv.cn/index341b.html]
[www.xiaoyaojingjv.cn/xmlrpc.php]
[blog.lix.moe/wp-content/uploads/2023/12/lix_avatar.jpeg]
